Author: kikuzou
Description: WmiEventConsumerToFilter activity detected
EventId: 21
Channel: Microsoft-Windows-Sysmon/Operational
Provider: Microsoft-Windows-Sysmon
Maps:
  -
    Property: UserName
    PropertyValue: "User: %User%"
    Values: 
      - 
        Name: User
        Value: "/Event/EventData/Data[@Name=\"User\"]"
  -
    Property: PayloadData1
    PropertyValue: "EventType: %EventType%"
    Values: 
      - 
        Name: EventType
        Value: "/Event/EventData/Data[@Name=\"EventType\"]"
  -
    Property: PayloadData2
    PropertyValue: "Operation: %Operation%"
    Values: 
      - 
        Name: Operation
        Value: "/Event/EventData/Data[@Name=\"Operation\"]"
  -
    Property: PayloadData3
    PropertyValue: "Consumer: %Consumer%"
    Values: 
      - 
        Name: Consumer
        Value: "/Event/EventData/Data[@Name=\"Consumer\"]"
  -
    Property: PayloadData4
    PropertyValue: "Filter: %Filter%"
    Values: 
      - 
        Name: Filter
        Value: "/Event/EventData/Data[@Name=\"Filter\"]"
