Author: kikuzou
Description: Process Create
EventId: 1
Channel: Microsoft-Windows-Sysmon/Operational
Provider: Microsoft-Windows-Sysmon
Maps:
  -
    Property: UserName
    PropertyValue: "User:%User%"
    Values: 
      - 
        Name: User
        Value: "/Event/EventData/Data[@Name=\"User\"]"
  -
    Property: ExecutableInfo
    PropertyValue: "ProcessId:%ProcessId%"
    Values: 
      - 
        Name: ProcessId
        Value: "/Event/EventData/Data[@Name=\"ProcessId\"]"
  -
    Property: PayloadData1
    PropertyValue: "Image:%Image%"
    Values: 
      - 
        Name: Image
        Value: "/Event/EventData/Data[@Name=\"Image\"]"
  -
    Property: PayloadData2
    PropertyValue: "CommandLine:%CommandLine%"
    Values: 
      - 
        Name: CommandLine
        Value: "/Event/EventData/Data[@Name=\"CommandLine\"]"
  -
    Property: PayloadData3
    PropertyValue: "Company:%Company% Product:%Product% FileVersion:%FileVersion% Description:%Description%"
    Values: 
      - 
        Name: Company
        Value: "/Event/EventData/Data[@Name=\"Company\"]"
      - 
        Name: Product
        Value: "/Event/EventData/Data[@Name=\"Product\"]"
      - 
        Name: FileVersion
        Value: "/Event/EventData/Data[@Name=\"FileVersion\"]"
      - 
        Name: Description
        Value: "/Event/EventData/Data[@Name=\"Description\"]"
  -
    Property: PayloadData4
    PropertyValue: "Hashes:%Hashes%"
    Values: 
      - 
        Name: Hashes
        Value: "/Event/EventData/Data[@Name=\"Hashes\"]"
  -
    Property: PayloadData5
    PropertyValue: "ParentProcessId:%ParentProcessId% ParentImage:%ParentImage% ParentCommandLine:%ParentCommandLine%"
    Values: 
      - 
        Name: ParentProcessId
        Value: "/Event/EventData/Data[@Name=\"ParentProcessId\"]"
      - 
        Name: ParentImage
        Value: "/Event/EventData/Data[@Name=\"ParentImage\"]"
      - 
        Name: ParentCommandLine
        Value: "/Event/EventData/Data[@Name=\"ParentCommandLine\"]"
  -
    Property: PayloadData6
    PropertyValue: "ParentUser:%ParentUser%"
    Values: 
      - 
        Name: ParentUser
        Value: "/Event/EventData/Data[@Name=\"ParentUser\"]"
