Author: kikuzou
Description: File created
EventId: 11
Channel: Microsoft-Windows-Sysmon/Operational
Provider: Microsoft-Windows-Sysmon
Maps:
  -
    Property: UserName
    PropertyValue: "User:%User%"
    Values: 
      - 
        Name: User
        Value: "/Event/EventData/Data[@Name=\"User\"]"
  -
    Property: ExecutableInfo
    PropertyValue: "ProcessId:%ProcessId%"
    Values: 
      - 
        Name: ProcessId
        Value: "/Event/EventData/Data[@Name=\"ProcessId\"]"
  -
    Property: PayloadData1
    PropertyValue: "Image:%Image%"
    Values: 
      - 
        Name: Image
        Value: "/Event/EventData/Data[@Name=\"Image\"]"
  -
    Property: PayloadData2
    PropertyValue: "TargetFilename:%TargetFilename%"
    Values: 
      - 
        Name: TargetFilename
        Value: "/Event/EventData/Data[@Name=\"TargetFilename\"]"
  -
    Property: PayloadData3
    PropertyValue: "CreationUtcTime:%CreationUtcTime%"
    Values: 
      - 
        Name: CreationUtcTime
        Value: "/Event/EventData/Data[@Name=\"CreationUtcTime\"]"
