Author: kikuzou
Description: Registry object added or deleted
EventId: 12
Channel: Microsoft-Windows-Sysmon/Operational
Provider: Microsoft-Windows-Sysmon
Maps:
  -
    Property: UserName
    PropertyValue: "User: %User%"
    Values: 
      - 
        Name: User
        Value: "/Event/EventData/Data[@Name=\"User\"]"
  -
    Property: ExecutableInfo
    PropertyValue: "ProcessId: %ProcessId%"
    Values: 
      - 
        Name: ProcessId
        Value: "/Event/EventData/Data[@Name=\"ProcessId\"]"
  -
    Property: PayloadData1
    PropertyValue: "Image: %Image%"
    Values: 
      - 
        Name: Image
        Value: "/Event/EventData/Data[@Name=\"Image\"]"
  -
    Property: PayloadData2
    PropertyValue: "EventType: %EventType%"
    Values: 
      - 
        Name: EventType
        Value: "/Event/EventData/Data[@Name=\"EventType\"]"
  -
    Property: PayloadData3
    PropertyValue: "TargetObject: %TargetObject%"
    Values: 
      - 
        Name: TargetObject
        Value: "/Event/EventData/Data[@Name=\"TargetObject\"]"
